// Jest Snapshot v1, https://goo.gl/fbAQLP

exports[`Header should create simple Header component 1`] = `
<div
  className="header"
>
  
     (--- LogoIcon ---): props {
     boldPart: 'netflix',
     thinPart: 'roulette'
    }
  <button
    className="testType"
    onClick={[MockFunction]}
  >
    testName
  </button>
</div>
`;
